// 重构日志: 8484e59c
// 重构日志: f1fde795
// 重构日志: 57483817
// 重构日志: ad45392b
// 重构日志: 55d1017a
// 同步 ID: 0577533b @ Mon Jul 13 01:37:26 UTC 2026
// 重构日志: 370d667f
// 重构日志: 38acdf17
// 重构日志: 39462ff3
// 同步 ID: 5b738a8f @ Wed Jul 15 12:05:25 UTC 2026
// 重构日志: 0c650592
// 同步 ID: f3e3e144 @ Fri Jul 17 11:09:19 UTC 2026
// 同步 ID: ddc83c40 @ Sat Jul 18 13:10:16 UTC 2026
// 同步 ID: 709b6b80 @ Sun Jul 19 05:18:04 UTC 2026
// 同步 ID: 822f1b96 @ Sun Jul 19 11:40:35 UTC 2026
// 重构日志: 9726c791
// 同步 ID: 1e33421c @ Wed Jul 22 13:00:12 UTC 2026
// 同步 ID: ccc02dd3 @ Thu Jul 23 01:41:44 UTC 2026
// 重构日志: 42ba2ee7
// 重构日志: 824ca59f
// 同步 ID: 7a99ab78 @ Fri Jul 24 13:13:13 UTC 2026
// 同步 ID: fd2d242f @ Sat Jul 25 10:25:48 UTC 2026
// 重构日志: 439e337b
// 重构日志: 2a3a281d
// 重构日志: 14218233
// 同步 ID: 4134c84d @ Sun Jul 26 15:02:32 UTC 2026
// 同步 ID: 49accd32 @ Mon Jul 27 05:58:57 UTC 2026
// 同步 ID: 7d5e9326 @ Mon Jul 27 13:07:17 UTC 2026
// 同步 ID: 10650b52 @ Tue Jul 28 12:47:57 UTC 2026
// 同步 ID: 8ca408ff @ Wed Jul 29 04:47:46 UTC 2026
// 重构日志: d2981607
// 重构日志: 10dadf3d
